// Jest Snapshot v1, https://goo.gl/fbAQLP

exports[`Genres should render component 1`] = `
<div>
  <section
    class="genres"
  >
    <fieldset
      class="genre-filter"
    >
      <legend
        class="visually-hidden"
      >
        Filter Movies by Genre
      </legend>
      <div
        class="genre-filter__group"
      >
        <input
          checked=""
          class="visually-hidden"
          id="all"
          name="genre"
          type="radio"
          value=""
        />
        <label
          for="all"
        >
          All
        </label>
      </div>
      <div
        class="genre-filter__group"
      >
        <input
          class="visually-hidden"
          id="action"
          name="genre"
          type="radio"
          value="Action"
        />
        <label
          for="action"
        >
          Action
        </label>
      </div>
      <div
        class="genre-filter__group"
      >
        <input
          class="visually-hidden"
          id="comedy"
          name="genre"
          type="radio"
          value="Comedy"
        />
        <label
          for="comedy"
        >
          comedy
        </label>
      </div>
      <div
        class="genre-filter__group"
      >
        <input
          class="visually-hidden"
          data-testid="radio-input-horror"
          id="horror"
          name="genre"
          type="radio"
          value="Horror"
        />
        <label
          for="horror"
        >
          horror
        </label>
      </div>
      <div
        class="genre-filter__group"
      >
        <input
          class="visually-hidden"
          id="crime"
          name="genre"
          type="radio"
          value="Crime"
        />
        <label
          for="crime"
        >
          crime
        </label>
      </div>
      <div
        class="genre-filter__group"
      >
        <input
          class="visually-hidden"
          id="fantasy"
          name="genre"
          type="radio"
          value="fantasy"
        />
        <label
          for="fantasy"
        >
          fantasy
        </label>
      </div>
    </fieldset>
    <div
      class="genre-sorter"
    >
      <label
        for="sortingCriteria"
      >
        sort by
      </label>
      <select
        id="sortingCriteria"
        name="sortingCriteria"
      >
        <option
          selected=""
          value="releaseDate"
        >
          Release date
        </option>
        <option
          value="rating"
        >
          Rating
        </option>
        <option
          value="runtime"
        >
          Duration
        </option>
      </select>
      <fieldset>
        <input
          checked=""
          id="asc"
          name="order"
          type="radio"
          value="ascending"
        />
        <label
          for="asc"
          title="ascending order"
        >
          ↑
        </label>
        <input
          id="desc"
          name="order"
          type="radio"
          value="descending"
        />
        <label
          for="desc"
          title="descending order"
        >
          ↓
        </label>
      </fieldset>
    </div>
  </section>
</div>
`;
