// Jest Snapshot v1, https://goo.gl/fbAQLP

exports[`EditMovieForm should render GenreFilter component 1`] = `
<fieldset
  className="genre-filter"
>
  <legend
    className="visually-hidden"
  >
    Filter Movies by Genre
  </legend>
  <div
    className="genre-filter__group"
  >
    <input
      checked={true}
      className="visually-hidden"
      id="all"
      name="genre"
      onChange={[Function]}
      type="radio"
      value=""
    />
    <label
      htmlFor="all"
    >
      All
    </label>
  </div>
  <div
    className="genre-filter__group"
  >
    <input
      checked={false}
      className="visually-hidden"
      id="action"
      name="genre"
      onChange={[Function]}
      type="radio"
      value="Action"
    />
    <label
      htmlFor="action"
    >
      Action
    </label>
  </div>
  <div
    className="genre-filter__group"
  >
    <input
      checked={false}
      className="visually-hidden"
      id="comedy"
      name="genre"
      onChange={[Function]}
      type="radio"
      value="Comedy"
    />
    <label
      htmlFor="comedy"
    >
      comedy
    </label>
  </div>
  <div
    className="genre-filter__group"
  >
    <input
      checked={false}
      className="visually-hidden"
      data-testid="radio-input-horror"
      id="horror"
      name="genre"
      onChange={[Function]}
      type="radio"
      value="Horror"
    />
    <label
      htmlFor="horror"
    >
      horror
    </label>
  </div>
  <div
    className="genre-filter__group"
  >
    <input
      checked={false}
      className="visually-hidden"
      id="crime"
      name="genre"
      onChange={[Function]}
      type="radio"
      value="Crime"
    />
    <label
      htmlFor="crime"
    >
      crime
    </label>
  </div>
  <div
    className="genre-filter__group"
  >
    <input
      checked={false}
      className="visually-hidden"
      id="fantasy"
      name="genre"
      onChange={[Function]}
      type="radio"
      value="fantasy"
    />
    <label
      htmlFor="fantasy"
    >
      fantasy
    </label>
  </div>
</fieldset>
`;
