// Jest Snapshot v1, https://goo.gl/fbAQLP

exports[`MovieList should render component with given movies data 1`] = `
<section>
  <h2
    className="visually-hidden"
  >
    Results
  </h2>
  <p
    className="info"
  >
    <span>
      3
    </span>
     movies found
  </p>
  <ul
    className="results"
  >
    <li>
      <article
        className="movie-item"
      >
        <div
          className="movie-item__text"
        >
          <div>
            <h3
              className="movie-item__title"
            >
              Fifty Shades Freed
            </h3>
            <ul
              className="genre-list"
            >
              <li>
                Drama, 
              </li>
              <li>
                Romance
              </li>
            </ul>
          </div>
          <time
            className="movie-item__release"
            dateTime="2018"
          >
            2018
          </time>
        </div>
        <a
          className="movie-item__poster"
          href="/movie/337167"
          onClick={[Function]}
        >
          <img
            alt="poster"
            src="https://image.tmdb.org/t/p/w500/3kcEGnYBHDeqmdYf8ZRbKdfmlUy.jpg"
          />
        </a>
        <div
          className="movie-item__actions"
        >
          <button
            className="button 
            button--default
            "
            onClick={[Function]}
          >
            Delete
          </button>
          <button
            className="button 
            button--default
            "
            onClick={[Function]}
          >
            Edit
          </button>
        </div>
      </article>
    </li>
    <li>
      <article
        className="movie-item"
      >
        <div
          className="movie-item__text"
        >
          <div>
            <h3
              className="movie-item__title"
            >
              Zootopia
            </h3>
            <ul
              className="genre-list"
            >
              <li>
                Animation, 
              </li>
              <li>
                Adventure, 
              </li>
              <li>
                Family, 
              </li>
              <li>
                Comedy
              </li>
            </ul>
          </div>
          <time
            className="movie-item__release"
            dateTime="2016"
          >
            2016
          </time>
        </div>
        <a
          className="movie-item__poster"
          href="/movie/269149"
          onClick={[Function]}
        >
          <img
            alt="poster"
            src="https://image.tmdb.org/t/p/w500/sM33SANp9z6rXW8Itn7NnG1GOEs.jpg"
          />
        </a>
        <div
          className="movie-item__actions"
        >
          <button
            className="button 
            button--default
            "
            onClick={[Function]}
          >
            Delete
          </button>
          <button
            className="button 
            button--default
            "
            onClick={[Function]}
          >
            Edit
          </button>
        </div>
      </article>
    </li>
    <li>
      <article
        className="movie-item"
      >
        <div
          className="movie-item__text"
        >
          <div>
            <h3
              className="movie-item__title"
            >
              Star Wars: The Last Jedi
            </h3>
            <ul
              className="genre-list"
            >
              <li>
                Fantasy, 
              </li>
              <li>
                Adventure, 
              </li>
              <li>
                Science Fiction
              </li>
            </ul>
          </div>
          <time
            className="movie-item__release"
            dateTime="2017"
          >
            2017
          </time>
        </div>
        <a
          className="movie-item__poster"
          href="/movie/181808"
          onClick={[Function]}
        >
          <img
            alt="poster"
            src="https://image.tmdb.org/t/p/w500/kOVEVeg59E0wsnXmF9nrh6OmWII.jpg"
          />
        </a>
        <div
          className="movie-item__actions"
        >
          <button
            className="button 
            button--default
            "
            onClick={[Function]}
          >
            Delete
          </button>
          <button
            className="button 
            button--default
            "
            onClick={[Function]}
          >
            Edit
          </button>
        </div>
      </article>
    </li>
  </ul>
</section>
`;
